
Lenovo@DESKTOP-6ONDSSA MINGW64 /e/Agung Prihandana/2025/BelajarGit
$ git config --global user.email "agungprihandana.ap@gmail.com"

Lenovo@DESKTOP-6ONDSSA MINGW64 /e/Agung Prihandana/2025/BelajarGit
$ git init
Initialized empty Git repository in E:/Agung Prihandana/2025/BelajarGit/.git/

Lenovo@DESKTOP-6ONDSSA MINGW64 /e/Agung Prihandana/2025/BelajarGit (master)
$ git init
Reinitialized existing Git repository in E:/Agung Prihandana/2025/BelajarGit/.git/

Lenovo@DESKTOP-6ONDSSA MINGW64 /e/Agung Prihandana/2025/BelajarGit (master)
$ git add .

Lenovo@DESKTOP-6ONDSSA MINGW64 /e/Agung Prihandana/2025/BelajarGit (master)
$ git remote add origin https://github.com/agungprihandana/Garasi-ID.git

Lenovo@DESKTOP-6ONDSSA MINGW64 /e/Agung Prihandana/2025/BelajarGit (master)
$ git commit -m "1st commit"
[master (root-commit) b31d613] 1st commit
 1 file changed, 1 insertion(+)
 create mode 100644 URL Website Garasi ID.txt

Lenovo@DESKTOP-6ONDSSA MINGW64 /e/Agung Prihandana/2025/BelajarGit (master)
$ git push -u origin master
info: please complete authentication in your browser...
Enumerating objects: 3, done.
Counting objects: 100% (3/3), done.
Delta compression using up to 12 threads
Compressing objects: 100% (2/2), done.
Writing objects: 100% (3/3), 264 bytes | 264.00 KiB/s, done.
Total 3 (delta 0), reused 0 (delta 0), pack-reused 0 (from 0)
To https://github.com/agungprihandana/Garasi-ID.git
 * [new branch]      master -> master
branch 'master' set up to track 'origin/master'.

Lenovo@DESKTOP-6ONDSSA MINGW64 /e/Agung Prihandana/2025/BelajarGit (master)
$ git add .

Lenovo@DESKTOP-6ONDSSA MINGW64 /e/Agung Prihandana/2025/BelajarGit (master)
$ git commit -m "update data kedua"
[master fcfe317] update data kedua
 9 files changed, 0 insertions(+), 0 deletions(-)
 create mode 100644 Elemen-elemen Website/Gambar Utama.png
 create mode 100644 Elemen-elemen Website/Screenshot (10).png
 create mode 100644 Elemen-elemen Website/Screenshot (11).png
 create mode 100644 Elemen-elemen Website/Screenshot (12).png
 create mode 100644 Elemen-elemen Website/Screenshot (13).png
 create mode 100644 Elemen-elemen Website/Screenshot (8).png
 create mode 100644 Elemen-elemen Website/Screenshot (9).png
 create mode 100644 Resources/css.txt
 create mode 100644 Resources/js.txt

Lenovo@DESKTOP-6ONDSSA MINGW64 /e/Agung Prihandana/2025/BelajarGit (master)
$ git push
Enumerating objects: 13, done.
Counting objects: 100% (13/13), done.
Delta compression using up to 12 threads
Compressing objects: 100% (11/11), done.
Writing objects: 100% (12/12), 1.89 MiB | 1.37 MiB/s, done.
Total 12 (delta 0), reused 0 (delta 0), pack-reused 0 (from 0)
To https://github.com/agungprihandana/Garasi-ID.git
   b31d613..fcfe317  master -> master

Lenovo@DESKTOP-6ONDSSA MINGW64 /e/Agung Prihandana/2025/BelajarGit (master)
$ git add .

Lenovo@DESKTOP-6ONDSSA MINGW64 /e/Agung Prihandana/2025/BelajarGit (master)
$ git commit -m "Update data ke 3"
[master 292c4e1] Update data ke 3
 1 file changed, 0 insertions(+), 0 deletions(-)
 create mode 100644 Contoh cara pull.txt

Lenovo@DESKTOP-6ONDSSA MINGW64 /e/Agung Prihandana/2025/BelajarGit (master)
$ git push
Enumerating objects: 4, done.
Counting objects: 100% (4/4), done.
Delta compression using up to 12 threads
Compressing objects: 100% (2/2), done.
Writing objects: 100% (3/3), 289 bytes | 289.00 KiB/s, done.
Total 3 (delta 1), reused 0 (delta 0), pack-reused 0 (from 0)
remote: Resolving deltas: 100% (1/1), completed with 1 local object.
To https://github.com/agungprihandana/Garasi-ID.git
   fcfe317..292c4e1  master -> master

Lenovo@DESKTOP-6ONDSSA MINGW64 /e/Agung Prihandana/2025/BelajarGit (master)
$ git pull
remote: Enumerating objects: 3, done.
remote: Counting objects: 100% (3/3), done.
remote: Compressing objects: 100% (2/2), done.
remote: Total 2 (delta 1), reused 0 (delta 0), pack-reused 0 (from 0)
Unpacking objects: 100% (2/2), 876 bytes | 219.00 KiB/s, done.
From https://github.com/agungprihandana/Garasi-ID
   292c4e1..1ad10fc  master     -> origin/master
Updating 292c4e1..1ad10fc
Fast-forward
 Contoh cara pull.txt | 0
 1 file changed, 0 insertions(+), 0 deletions(-)
 delete mode 100644 Contoh cara pull.txt
